============================= test session starts =============================
platform win32 -- Python 3.13.7, pytest-9.0.1, pluggy-1.6.0
rootdir: C:\Users\hp\Desktop\Antigravity\Kickoff API
plugins: anyio-4.11.0
collected 0 items / 1 error

=================================== ERRORS ====================================
_____________________ ERROR collecting tests/test_main.py _____________________
ImportError while importing test module 'C:\Users\hp\Desktop\Antigravity\Kickoff API\tests\test_main.py'.
Hint: make sure your test modules/packages have valid Python names.
Traceback:
..\..\..\AppData\Local\Programs\Python\Python313\Lib\importlib\__init__.py:88: in import_module
    return _bootstrap._gcd_import(name[level:], package, level)
           ^^^^^^^^^^^^^^^^^^^^^^^^^^^^^^^^^^^^^^^^^^^^^^^^^^^^
tests\test_main.py:2: in <module>
    from app.main import app
E   ModuleNotFoundError: No module named 'app'
=========================== short test summary info ===========================
ERROR tests/test_main.py
!!!!!!!!!!!!!!!!!!! Interrupted: 1 error during collection !!!!!!!!!!!!!!!!!!!!
============================== 1 error in 0.98s ===============================
